Application     D:\MegaFilesNew\IT\IT Department Files\Ecosys Projects\CS PRO\Tagging Other\TaggingOtherMainFile.ent
Type            ENTRY
Input Data      <<CSPro DB>> D:\MegaFilesNew\IT\IT Department Files\Ecosys Projects\CS PRO\Tagging Other\TAggingOtherOutput.csdb
<Paradata Log>  D:\MegaFilesNew\IT\IT Department Files\Ecosys Projects\CS PRO\Tagging Other\TaggingOtherMainFile.cslog

Date            May 22, 2025
Start Time      13:05:48
End Time        13:07:13



CSPro Executor Normal End
------------------------------------------------------------------------------------------------------------------------
Application     D:\MegaFilesNew\IT\IT Department Files\Ecosys Projects\CS PRO\Tagging Other\TaggingOtherMainFile.ent
Type            ENTRY
Input Data      <<CSPro DB>> D:\MegaFilesNew\IT\IT Department Files\Ecosys Projects\CS PRO\Tagging Other\TAggingOtherOutput.csdb
<Paradata Log>  D:\MegaFilesNew\IT\IT Department Files\Ecosys Projects\CS PRO\Tagging Other\TaggingOtherMainFile.cslog

Date            May 22, 2025
Start Time      14:14:23
End Time        14:14:54


System messages:

  Number        Freq         Message Text                                                                               
  ------        ----         ------------                                                                               
   88889           1         WARNING: Out of range! Please enter a valid value for %s%s                                 
   99990           1         Operator entered a value out of range                                                      


CSPro Executor Normal End
------------------------------------------------------------------------------------------------------------------------
Application     D:\MegaFilesNew\IT\IT Department Files\Ecosys Projects\CS PRO\Tagging Other\TaggingOtherMainFile.ent
Type            ENTRY
Input Data      <<CSPro DB>> D:\MegaFilesNew\IT\IT Department Files\Ecosys Projects\CS PRO\Tagging Other\TAggingOtherOutput.csdb
<Paradata Log>  D:\MegaFilesNew\IT\IT Department Files\Ecosys Projects\CS PRO\Tagging Other\TaggingOtherMainFile.cslog

Date            May 22, 2025
Start Time      14:17:03
End Time        14:18:42


User unnumbered messages:

    Line        Freq    %    Message Text                                                                          Denom
    ----        ----  -----  ------------                                                                          -----
      20           2      -  this fiend is required                                                                    -


CSPro Executor Normal End
------------------------------------------------------------------------------------------------------------------------
Application     D:\MegaFilesNew\IT\IT Department Files\Ecosys Projects\CS PRO\Tagging Other\TaggingOtherMainFile.ent
Type            ENTRY
Input Data      <<CSPro DB>> D:\MegaFilesNew\IT\IT Department Files\Ecosys Projects\CS PRO\Tagging Other\TAggingOtherOutput.csdb
<Paradata Log>  D:\MegaFilesNew\IT\IT Department Files\Ecosys Projects\CS PRO\Tagging Other\TaggingOtherMainFile.cslog

Date            May 22, 2025
Start Time      14:23:20
End Time        14:23:34



CSPro Executor Normal End
------------------------------------------------------------------------------------------------------------------------
Application     D:\MegaFilesNew\IT\IT Department Files\Ecosys Projects\CS PRO\Tagging Other\TaggingOtherMainFile.ent
Type            ENTRY
Input Data      <<CSPro DB>> D:\MegaFilesNew\IT\IT Department Files\Ecosys Projects\CS PRO\Tagging Other\TAggingOtherOutput.csdb
<Paradata Log>  D:\MegaFilesNew\IT\IT Department Files\Ecosys Projects\CS PRO\Tagging Other\TaggingOtherMainFile.cslog

Date            May 22, 2025
Start Time      14:30:25
End Time        14:31:22


System messages:

  Number        Freq         Message Text                                                                               
  ------        ----         ------------                                                                               
   88889           2         WARNING: Out of range! Please enter a valid value for %s%s                                 
   99990           2         Operator entered a value out of range                                                      


CSPro Executor Normal End
------------------------------------------------------------------------------------------------------------------------
Application     D:\MegaFilesNew\IT\IT Department Files\Ecosys Projects\CS PRO\Tagging Other\TaggingOtherMainFile.ent
Type            ENTRY
Input Data      <<CSPro DB>> D:\MegaFilesNew\IT\IT Department Files\Ecosys Projects\CS PRO\Tagging Other\TAggingOtherOutput.csdb
<Paradata Log>  D:\MegaFilesNew\IT\IT Department Files\Ecosys Projects\CS PRO\Tagging Other\TaggingOtherMainFile.cslog

Date            May 22, 2025
Start Time      14:49:58
End Time        14:50:51


System messages:

  Number        Freq         Message Text                                                                               
  ------        ----         ------------                                                                               
   88889           2         WARNING: Out of range! Please enter a valid value for %s%s                                 
   99990           2         Operator entered a value out of range                                                      


CSPro Executor Normal End
------------------------------------------------------------------------------------------------------------------------
Application     D:\MegaFilesNew\IT\IT Department Files\Ecosys Projects\CS PRO\Tagging Other\TaggingOtherMainFile.ent
Type            ENTRY
Input Data      <<CSPro DB>> D:\MegaFilesNew\IT\IT Department Files\Ecosys Projects\CS PRO\Tagging Other\TAggingOtherOutput.csdb
<Paradata Log>  D:\MegaFilesNew\IT\IT Department Files\Ecosys Projects\CS PRO\Tagging Other\TaggingOtherMainFile.cslog

Date            May 22, 2025
Start Time      14:53:20
End Time        14:53:54


System messages:

  Number        Freq         Message Text                                                                               
  ------        ----         ------------                                                                               
   88889           1         WARNING: Out of range! Please enter a valid value for %s%s                                 
   99990           1         Operator entered a value out of range                                                      


CSPro Executor Normal End
------------------------------------------------------------------------------------------------------------------------
Application     D:\MegaFilesNew\IT\IT Department Files\Ecosys Projects\CS PRO\Tagging Other\TaggingOtherMainFile.ent
Type            ENTRY
Input Data      <<CSPro DB>> D:\MegaFilesNew\IT\IT Department Files\Ecosys Projects\CS PRO\Tagging Other\TAggingOtherOutput.csdb
<Paradata Log>  D:\MegaFilesNew\IT\IT Department Files\Ecosys Projects\CS PRO\Tagging Other\TaggingOtherMainFile.cslog

Date            May 22, 2025
Start Time      14:54:38
End Time        14:55:26



CSPro Executor Normal End
------------------------------------------------------------------------------------------------------------------------
Application     D:\MegaFilesNew\IT\IT Department Files\Ecosys Projects\CS PRO\Tagging Other\TaggingOtherMainFile.ent
Type            ENTRY
Input Data      <<CSPro DB>> D:\MegaFilesNew\IT\IT Department Files\Ecosys Projects\CS PRO\Tagging Other\TAggingOtherOutput.csdb
<Paradata Log>  D:\MegaFilesNew\IT\IT Department Files\Ecosys Projects\CS PRO\Tagging Other\TaggingOtherMainFile.cslog

Date            May 22, 2025
Start Time      15:04:38
End Time        15:04:49



CSPro Executor Normal End
------------------------------------------------------------------------------------------------------------------------
Application     D:\MegaFilesNew\IT\IT Department Files\Ecosys Projects\CS PRO\Tagging Other\TaggingOtherMainFile.ent
Type            ENTRY
Input Data      <<CSPro DB>> D:\MegaFilesNew\IT\IT Department Files\Ecosys Projects\CS PRO\Tagging Other\TAggingOtherOutput.csdb
<Paradata Log>  D:\MegaFilesNew\IT\IT Department Files\Ecosys Projects\CS PRO\Tagging Other\TaggingOtherMainFile.cslog

Date            May 22, 2025
Start Time      15:04:51
End Time        15:05:35


System messages:

  Number        Freq         Message Text                                                                               
  ------        ----         ------------                                                                               
   88889           3         WARNING: Out of range! Please enter a valid value for %s%s                                 
   99990           3         Operator entered a value out of range                                                      


CSPro Executor Normal End
------------------------------------------------------------------------------------------------------------------------
Application     D:\MegaFilesNew\IT\IT Department Files\Ecosys Projects\CS PRO\Tagging Other\TaggingOtherMainFile.ent
Type            ENTRY
Input Data      <<CSPro DB>> D:\MegaFilesNew\IT\IT Department Files\Ecosys Projects\CS PRO\Tagging Other\TAggingOtherOutput.csdb
<Paradata Log>  D:\MegaFilesNew\IT\IT Department Files\Ecosys Projects\CS PRO\Tagging Other\TaggingOtherMainFile.cslog

Date            May 22, 2025
Start Time      15:06:23
End Time        15:08:10


System messages:

  Number        Freq         Message Text                                                                               
  ------        ----         ------------                                                                               
   88889           3         WARNING: Out of range! Please enter a valid value for %s%s                                 
   99990           3         Operator entered a value out of range                                                      

User unnumbered messages:

    Line        Freq    %    Message Text                                                                          Denom
    ----        ----  -----  ------------                                                                          -----
      34           1      -  this fiend is required                                                                    -


CSPro Executor Normal End
------------------------------------------------------------------------------------------------------------------------
Application     D:\MegaFilesNew\IT\IT Department Files\Ecosys Projects\CS PRO\Tagging Other\TaggingOtherMainFile.ent
Type            ENTRY
Input Data      <<CSPro DB>> D:\MegaFilesNew\IT\IT Department Files\Ecosys Projects\CS PRO\Tagging Other\TAggingOtherOutput.csdb
<Paradata Log>  D:\MegaFilesNew\IT\IT Department Files\Ecosys Projects\CS PRO\Tagging Other\TaggingOtherMainFile.cslog

Date            May 22, 2025
Start Time      15:08:11
End Time        15:08:23


System messages:

  Number        Freq         Message Text                                                                               
  ------        ----         ------------                                                                               
   88889           3         WARNING: Out of range! Please enter a valid value for %s%s                                 
   99990           3         Operator entered a value out of range                                                      

User unnumbered messages:

    Line        Freq    %    Message Text                                                                          Denom
    ----        ----  -----  ------------                                                                          -----
      34           1      -  this fiend is required                                                                    -


CSPro Executor Normal End
------------------------------------------------------------------------------------------------------------------------
Application     D:\MegaFilesNew\IT\IT Department Files\Ecosys Projects\CS PRO\Tagging Other\TaggingOtherMainFile.ent
Type            ENTRY
Input Data      <<CSPro DB>> D:\MegaFilesNew\IT\IT Department Files\Ecosys Projects\CS PRO\Tagging Other\TAggingOtherOutput.csdb
<Paradata Log>  D:\MegaFilesNew\IT\IT Department Files\Ecosys Projects\CS PRO\Tagging Other\TaggingOtherMainFile.cslog

Date            May 22, 2025
Start Time      15:08:24
End Time        15:10:25


System messages:

  Number        Freq         Message Text                                                                               
  ------        ----         ------------                                                                               
   88889           3         WARNING: Out of range! Please enter a valid value for %s%s                                 
   99990           3         Operator entered a value out of range                                                      

User unnumbered messages:

    Line        Freq    %    Message Text                                                                          Denom
    ----        ----  -----  ------------                                                                          -----
      34           1      -  this fiend is required                                                                    -


CSPro Executor Normal End
------------------------------------------------------------------------------------------------------------------------
Application     D:\MegaFilesNew\IT\IT Department Files\Ecosys Projects\CS PRO\Tagging Other\TaggingOtherMainFile.ent
Type            ENTRY
Input Data      <<CSPro DB>> D:\MegaFilesNew\IT\IT Department Files\Ecosys Projects\CS PRO\Tagging Other\TAggingOtherOutput.csdb
<Paradata Log>  D:\MegaFilesNew\IT\IT Department Files\Ecosys Projects\CS PRO\Tagging Other\TaggingOtherMainFile.cslog

Date            May 22, 2025
Start Time      15:10:33
End Time        15:10:37



CSPro Executor Normal End
------------------------------------------------------------------------------------------------------------------------
Application     D:\MegaFilesNew\IT\IT Department Files\Ecosys Projects\CS PRO\Tagging Other\TaggingOtherMainFile.ent
Type            ENTRY
Input Data      <<CSPro DB>> D:\MegaFilesNew\IT\IT Department Files\Ecosys Projects\CS PRO\Tagging Other\TAggingOtherOutput.csdb
<Paradata Log>  D:\MegaFilesNew\IT\IT Department Files\Ecosys Projects\CS PRO\Tagging Other\TaggingOtherMainFile.cslog

Date            May 22, 2025
Start Time      15:10:38
End Time        15:10:52



CSPro Executor Normal End
------------------------------------------------------------------------------------------------------------------------
Application     D:\MegaFilesNew\IT\IT Department Files\Ecosys Projects\CS PRO\Tagging Other\TaggingOtherMainFile.ent
Type            ENTRY
Input Data      <<CSPro DB>> D:\MegaFilesNew\IT\IT Department Files\Ecosys Projects\CS PRO\Tagging Other\TAggingOtherOutput.csdb
<Paradata Log>  D:\MegaFilesNew\IT\IT Department Files\Ecosys Projects\CS PRO\Tagging Other\TaggingOtherMainFile.cslog

Date            May 22, 2025
Start Time      15:10:54
End Time        15:11:01



CSPro Executor Normal End
------------------------------------------------------------------------------------------------------------------------
Application     D:\MegaFilesNew\IT\IT Department Files\Ecosys Projects\CS PRO\Tagging Other\TaggingOtherMainFile.ent
Type            ENTRY
Input Data      <<CSPro DB>> D:\MegaFilesNew\IT\IT Department Files\Ecosys Projects\CS PRO\Tagging Other\TAggingOtherOutput.csdb
<Paradata Log>  D:\MegaFilesNew\IT\IT Department Files\Ecosys Projects\CS PRO\Tagging Other\TaggingOtherMainFile.cslog

Date            May 22, 2025
Start Time      15:11:29
End Time        15:11:40



CSPro Executor Normal End
------------------------------------------------------------------------------------------------------------------------
Application     D:\MegaFilesNew\IT\IT Department Files\Ecosys Projects\CS PRO\Tagging Other\TaggingOtherMainFile.ent
Type            ENTRY
Input Data      <<CSPro DB>> D:\MegaFilesNew\IT\IT Department Files\Ecosys Projects\CS PRO\Tagging Other\TAggingOtherOutput.csdb
<Paradata Log>  D:\MegaFilesNew\IT\IT Department Files\Ecosys Projects\CS PRO\Tagging Other\TaggingOtherMainFile.cslog

Date            May 22, 2025
Start Time      15:11:41
End Time        15:11:49



CSPro Executor Normal End
------------------------------------------------------------------------------------------------------------------------
Application     D:\MegaFilesNew\IT\IT Department Files\Ecosys Projects\CS PRO\Tagging Other\TaggingOtherMainFile.ent
Type            ENTRY
Input Data      <<CSPro DB>> D:\MegaFilesNew\IT\IT Department Files\Ecosys Projects\CS PRO\Tagging Other\TAggingOtherOutput.csdb
<Paradata Log>  D:\MegaFilesNew\IT\IT Department Files\Ecosys Projects\CS PRO\Tagging Other\TaggingOtherMainFile.cslog

Date            May 22, 2025
Start Time      15:11:50
End Time        15:11:58



CSPro Executor Normal End
------------------------------------------------------------------------------------------------------------------------
Application     D:\MegaFilesNew\IT\IT Department Files\Ecosys Projects\CS PRO\Tagging Other\TaggingOtherMainFile.ent
Type            ENTRY
Input Data      <<CSPro DB>> D:\MegaFilesNew\IT\IT Department Files\Ecosys Projects\CS PRO\Tagging Other\TAggingOtherOutput.csdb
<Paradata Log>  D:\MegaFilesNew\IT\IT Department Files\Ecosys Projects\CS PRO\Tagging Other\TaggingOtherMainFile.cslog

Date            May 22, 2025
Start Time      15:13:09
End Time        15:13:21



CSPro Executor Normal End
------------------------------------------------------------------------------------------------------------------------
Application     D:\MegaFilesNew\IT\IT Department Files\Ecosys Projects\CS PRO\Tagging Other\TaggingOtherMainFile.ent
Type            ENTRY
Input Data      <<CSPro DB>> D:\MegaFilesNew\IT\IT Department Files\Ecosys Projects\CS PRO\Tagging Other\TAggingOtherOutput.csdb
<Paradata Log>  D:\MegaFilesNew\IT\IT Department Files\Ecosys Projects\CS PRO\Tagging Other\TaggingOtherMainFile.cslog

Date            May 22, 2025
Start Time      15:13:23
End Time        15:13:30



CSPro Executor Normal End
------------------------------------------------------------------------------------------------------------------------
Application     D:\MegaFilesNew\IT\IT Department Files\Ecosys Projects\CS PRO\Tagging Other\TaggingOtherMainFile.ent
Type            ENTRY
Input Data      <<CSPro DB>> D:\MegaFilesNew\IT\IT Department Files\Ecosys Projects\CS PRO\Tagging Other\TAggingOtherOutput.csdb
<Paradata Log>  D:\MegaFilesNew\IT\IT Department Files\Ecosys Projects\CS PRO\Tagging Other\TaggingOtherMainFile.cslog

Date            May 22, 2025
Start Time      15:13:33
End Time        15:13:46


System messages:

  Number        Freq         Message Text                                                                               
  ------        ----         ------------                                                                               
   88889           3         WARNING: Out of range! Please enter a valid value for %s%s                                 
   99990           3         Operator entered a value out of range                                                      


CSPro Executor Normal End
------------------------------------------------------------------------------------------------------------------------
Application     D:\MegaFilesNew\IT\IT Department Files\Ecosys Projects\CS PRO\Tagging Other\TaggingOtherMainFile.ent
Type            ENTRY
Input Data      <<CSPro DB>> D:\MegaFilesNew\IT\IT Department Files\Ecosys Projects\CS PRO\Tagging Other\TAggingOtherOutput.csdb
<Paradata Log>  D:\MegaFilesNew\IT\IT Department Files\Ecosys Projects\CS PRO\Tagging Other\TaggingOtherMainFile.cslog

Date            May 22, 2025
Start Time      15:13:48
End Time        15:13:53


System messages:

  Number        Freq         Message Text                                                                               
  ------        ----         ------------                                                                               
   88889           3         WARNING: Out of range! Please enter a valid value for %s%s                                 
   99990           3         Operator entered a value out of range                                                      


CSPro Executor Normal End
------------------------------------------------------------------------------------------------------------------------
Application     D:\MegaFilesNew\IT\IT Department Files\Ecosys Projects\CS PRO\Tagging Other\TaggingOtherMainFile.ent
Type            ENTRY
Input Data      <<CSPro DB>> D:\MegaFilesNew\IT\IT Department Files\Ecosys Projects\CS PRO\Tagging Other\TAggingOtherOutput.csdb
<Paradata Log>  D:\MegaFilesNew\IT\IT Department Files\Ecosys Projects\CS PRO\Tagging Other\TaggingOtherMainFile.cslog

Date            May 22, 2025
Start Time      15:16:40
End Time        15:16:41



CSPro Executor Normal End
------------------------------------------------------------------------------------------------------------------------
Application     D:\MegaFilesNew\IT\IT Department Files\Ecosys Projects\CS PRO\Tagging Other\TaggingOtherMainFile.ent
Type            ENTRY
Input Data      <<CSPro DB>> D:\MegaFilesNew\IT\IT Department Files\Ecosys Projects\CS PRO\Tagging Other\TAggingOtherOutput.csdb
<Paradata Log>  D:\MegaFilesNew\IT\IT Department Files\Ecosys Projects\CS PRO\Tagging Other\TaggingOtherMainFile.cslog

Date            May 22, 2025
Start Time      15:16:42
End Time        15:16:54



CSPro Executor Normal End
------------------------------------------------------------------------------------------------------------------------
Application     D:\MegaFilesNew\IT\IT Department Files\Ecosys Projects\CS PRO\Tagging Other\TaggingOtherMainFile.ent
Type            ENTRY
Input Data      <<CSPro DB>> D:\MegaFilesNew\IT\IT Department Files\Ecosys Projects\CS PRO\Tagging Other\TAggingOtherOutput.csdb
<Paradata Log>  D:\MegaFilesNew\IT\IT Department Files\Ecosys Projects\CS PRO\Tagging Other\TaggingOtherMainFile.cslog

Date            May 22, 2025
Start Time      15:16:56
End Time        15:17:03



CSPro Executor Normal End
------------------------------------------------------------------------------------------------------------------------
Application     D:\MegaFilesNew\IT\IT Department Files\Ecosys Projects\CS PRO\Tagging Other\TaggingOtherMainFile.ent
Type            ENTRY
Input Data      <<CSPro DB>> D:\MegaFilesNew\IT\IT Department Files\Ecosys Projects\CS PRO\Tagging Other\TAggingOtherOutput.csdb
<Paradata Log>  D:\MegaFilesNew\IT\IT Department Files\Ecosys Projects\CS PRO\Tagging Other\TaggingOtherMainFile.cslog

Date            May 22, 2025
Start Time      15:17:04
End Time        15:17:09



CSPro Executor Normal End
------------------------------------------------------------------------------------------------------------------------
Application     D:\MegaFilesNew\IT\IT Department Files\Ecosys Projects\CS PRO\Tagging Other\TaggingOtherMainFile.ent
Type            ENTRY
Input Data      <<CSPro DB>> D:\MegaFilesNew\IT\IT Department Files\Ecosys Projects\CS PRO\Tagging Other\TAggingOtherOutput.csdb
<Paradata Log>  D:\MegaFilesNew\IT\IT Department Files\Ecosys Projects\CS PRO\Tagging Other\TaggingOtherMainFile.cslog

Date            May 22, 2025
Start Time      15:18:01
End Time        15:18:06



CSPro Executor Normal End
------------------------------------------------------------------------------------------------------------------------
Application     D:\MegaFilesNew\IT\IT Department Files\Ecosys Projects\CS PRO\Tagging Other\TaggingOtherMainFile.ent
Type            ENTRY
Input Data      <<CSPro DB>> D:\MegaFilesNew\IT\IT Department Files\Ecosys Projects\CS PRO\Tagging Other\TAggingOtherOutput.csdb
<Paradata Log>  D:\MegaFilesNew\IT\IT Department Files\Ecosys Projects\CS PRO\Tagging Other\TaggingOtherMainFile.cslog

Date            May 22, 2025
Start Time      15:18:08
End Time        15:18:20



CSPro Executor Normal End
------------------------------------------------------------------------------------------------------------------------
Application     D:\MegaFilesNew\IT\IT Department Files\Ecosys Projects\CS PRO\Tagging Other\TaggingOtherMainFile.ent
Type            ENTRY
Input Data      <<CSPro DB>> D:\MegaFilesNew\IT\IT Department Files\Ecosys Projects\CS PRO\Tagging Other\TAggingOtherOutput.csdb
<Paradata Log>  D:\MegaFilesNew\IT\IT Department Files\Ecosys Projects\CS PRO\Tagging Other\TaggingOtherMainFile.cslog

Date            May 22, 2025
Start Time      15:18:21
End Time        15:18:26



CSPro Executor Normal End
------------------------------------------------------------------------------------------------------------------------
Application     D:\MegaFilesNew\IT\IT Department Files\Ecosys Projects\CS PRO\Tagging Other\TaggingOtherMainFile.ent
Type            ENTRY
Input Data      <<CSPro DB>> D:\MegaFilesNew\IT\IT Department Files\Ecosys Projects\CS PRO\Tagging Other\TAggingOtherOutput.csdb
<Paradata Log>  D:\MegaFilesNew\IT\IT Department Files\Ecosys Projects\CS PRO\Tagging Other\TaggingOtherMainFile.cslog

Date            May 22, 2025
Start Time      15:19:11
End Time        15:19:17



CSPro Executor Normal End
------------------------------------------------------------------------------------------------------------------------
Application     D:\MegaFilesNew\IT\IT Department Files\Ecosys Projects\CS PRO\Tagging Other\TaggingOtherMainFile.ent
Type            ENTRY
Input Data      <<CSPro DB>> D:\MegaFilesNew\IT\IT Department Files\Ecosys Projects\CS PRO\Tagging Other\TAggingOtherOutput.csdb
<Paradata Log>  D:\MegaFilesNew\IT\IT Department Files\Ecosys Projects\CS PRO\Tagging Other\TaggingOtherMainFile.cslog

Date            May 22, 2025
Start Time      15:19:18
End Time        15:19:23



CSPro Executor Normal End
------------------------------------------------------------------------------------------------------------------------
Application     D:\MegaFilesNew\IT\IT Department Files\Ecosys Projects\CS PRO\Tagging Other\TaggingOtherMainFile.ent
Type            ENTRY
Input Data      <<CSPro DB>> D:\MegaFilesNew\IT\IT Department Files\Ecosys Projects\CS PRO\Tagging Other\TAggingOtherOutput.csdb
<Paradata Log>  D:\MegaFilesNew\IT\IT Department Files\Ecosys Projects\CS PRO\Tagging Other\TaggingOtherMainFile.cslog

Date            May 22, 2025
Start Time      15:19:25
End Time        15:20:16



CSPro Executor Normal End
------------------------------------------------------------------------------------------------------------------------
Application     D:\MegaFilesNew\IT\IT Department Files\Ecosys Projects\CS PRO\Tagging Other\TaggingOtherMainFile.ent
Type            ENTRY
Input Data      <<CSPro DB>> D:\MegaFilesNew\IT\IT Department Files\Ecosys Projects\CS PRO\Tagging Other\TAggingOtherOutput.csdb
<Paradata Log>  D:\MegaFilesNew\IT\IT Department Files\Ecosys Projects\CS PRO\Tagging Other\TaggingOtherMainFile.cslog

Date            May 22, 2025
Start Time      15:20:18
End Time        15:20:24



CSPro Executor Normal End
------------------------------------------------------------------------------------------------------------------------
Application     D:\MegaFilesNew\IT\IT Department Files\Ecosys Projects\CS PRO\Tagging Other\TaggingOtherMainFile.ent
Type            ENTRY
Input Data      <<CSPro DB>> D:\MegaFilesNew\IT\IT Department Files\Ecosys Projects\CS PRO\Tagging Other\TAggingOtherOutput.csdb
<Paradata Log>  D:\MegaFilesNew\IT\IT Department Files\Ecosys Projects\CS PRO\Tagging Other\TaggingOtherMainFile.cslog

Date            May 22, 2025
Start Time      15:20:26
End Time        15:20:33



CSPro Executor Normal End
------------------------------------------------------------------------------------------------------------------------
Application     D:\MegaFilesNew\IT\IT Department Files\Ecosys Projects\CS PRO\Tagging Other\TaggingOtherMainFile.ent
Type            ENTRY
Input Data      <<CSPro DB>> D:\MegaFilesNew\IT\IT Department Files\Ecosys Projects\CS PRO\Tagging Other\TAggingOtherOutput.csdb
<Paradata Log>  D:\MegaFilesNew\IT\IT Department Files\Ecosys Projects\CS PRO\Tagging Other\TaggingOtherMainFile.cslog

Date            May 22, 2025
Start Time      15:20:35
End Time        15:20:42



CSPro Executor Normal End
------------------------------------------------------------------------------------------------------------------------
Application     D:\MegaFilesNew\IT\IT Department Files\Ecosys Projects\CS PRO\Tagging Other\TaggingOtherMainFile.ent
Type            ENTRY
Input Data      <<CSPro DB>> D:\MegaFilesNew\IT\IT Department Files\Ecosys Projects\CS PRO\Tagging Other\TAggingOtherOutput.csdb
<Paradata Log>  D:\MegaFilesNew\IT\IT Department Files\Ecosys Projects\CS PRO\Tagging Other\TaggingOtherMainFile.cslog

Date            May 22, 2025
Start Time      15:20:44
End Time        15:23:07


System messages:

  Number        Freq         Message Text                                                                               
  ------        ----         ------------                                                                               
   88889           3         WARNING: Out of range! Please enter a valid value for %s%s                                 
   99990           3         Operator entered a value out of range                                                      


CSPro Executor Normal End
------------------------------------------------------------------------------------------------------------------------
Application     D:\MegaFilesNew\IT\IT Department Files\Ecosys Projects\CS PRO\Tagging Other\TaggingOtherMainFile.ent
Type            ENTRY
Input Data      <<CSPro DB>> D:\MegaFilesNew\IT\IT Department Files\Ecosys Projects\CS PRO\Tagging Other\TAggingOtherOutput.csdb
<Paradata Log>  D:\MegaFilesNew\IT\IT Department Files\Ecosys Projects\CS PRO\Tagging Other\TaggingOtherMainFile.cslog

Date            May 22, 2025
Start Time      15:46:04
End Time        15:47:41



CSPro Executor Normal End
------------------------------------------------------------------------------------------------------------------------
Application     D:\MegaFilesNew\IT\IT Department Files\Ecosys Projects\CS PRO\Tagging Other\TaggingOtherMainFile.ent
Type            ENTRY
Input Data      <<CSPro DB>> D:\MegaFilesNew\IT\IT Department Files\Ecosys Projects\CS PRO\Tagging Other\TAggingOtherOutput.csdb
<Paradata Log>  D:\MegaFilesNew\IT\IT Department Files\Ecosys Projects\CS PRO\Tagging Other\TaggingOtherMainFile.cslog

Date            May 22, 2025
Start Time      15:47:41
End Time        15:48:32



CSPro Executor Normal End
------------------------------------------------------------------------------------------------------------------------
Application     D:\MegaFilesNew\IT\IT Department Files\Ecosys Projects\CS PRO\Tagging Other\TaggingOtherMainFile.ent
Type            ENTRY
Input Data      <<CSPro DB>> D:\MegaFilesNew\IT\IT Department Files\Ecosys Projects\CS PRO\Tagging Other\TAggingOtherOutput.csdb
<Paradata Log>  D:\MegaFilesNew\IT\IT Department Files\Ecosys Projects\CS PRO\Tagging Other\TaggingOtherMainFile.cslog

Date            May 23, 2025
Start Time      13:00:48
End Time        13:01:36


System messages:

  Number        Freq         Message Text                                                                               
  ------        ----         ------------                                                                               
   88889           1         WARNING: Out of range! Please enter a valid value for %s%s                                 
   99990           1         Operator entered a value out of range                                                      


CSPro Executor Normal End
------------------------------------------------------------------------------------------------------------------------
Application     D:\MegaFilesNew\IT\IT Department Files\Ecosys Projects\CS PRO\Tagging Other\TaggingOtherMainFile.ent
Type            ENTRY
Input Data      <<CSPro DB>> D:\MegaFilesNew\IT\IT Department Files\Ecosys Projects\CS PRO\Tagging Other\TAggingOtherOutput.csdb
<Paradata Log>  D:\MegaFilesNew\IT\IT Department Files\Ecosys Projects\CS PRO\Tagging Other\TaggingOtherMainFile.cslog

Date            May 23, 2025
Start Time      13:05:49
End Time        13:06:53


System messages:

  Number        Freq         Message Text                                                                               
  ------        ----         ------------                                                                               
   88889           1         WARNING: Out of range! Please enter a valid value for %s%s                                 
   92101           1         Case ids '%s' duplicate an existing case! Case ids must be unique.                         
   99990           1         Operator entered a value out of range                                                      


CSPro Executor Normal End
------------------------------------------------------------------------------------------------------------------------
